<html>
<body>
<pre>
<h1>礦ision Build Log</h1>
<h2>Tool Versions:</h2>
IDE-Version: μVision V5.22.0.0
Copyright (C) 2016 ARM Ltd and ARM Germany GmbH. All rights reserved.
License Information: ab cd, www, LIC=ZB4EI-T7852-X7BRZ-J3AH7-GX9R2-0XULW
 
Tool Versions:
Toolchain:       MDK-ARM Plus  Version: 5.22
Toolchain Path:  C:\Keil_v5\ARM\ARMCC\Bin
C Compiler:      Armcc.exe V5.06 update 4 (build 422)
Assembler:       Armasm.exe V5.06 update 4 (build 422)
Linker/Locator:  ArmLink.exe V5.06 update 4 (build 422)
Library Manager: ArmAr.exe V5.06 update 4 (build 422)
Hex Converter:   FromElf.exe V5.06 update 4 (build 422)
CPU DLL:         SARMCM3.DLL V5.22
Dialog DLL:      DARMSTM.DLL V1.67.0.0
Target DLL:      STLink\ST-LINKIII-KEIL_SWO.dll V2.0.18.0
Dialog DLL:      TARMSTM.DLL V1.66.0.0
 
<h2>Project:</h2>
C:\Users\HaoRan Zhu\Desktop\毕业设计 - 环境监测系统 - 联网成功 - 电机成功 - 副本\USER\IOT_DHT11.uvprojx
Project File Date:  02/21/2023

<h2>Output:</h2>
*** Using Compiler 'V5.06 update 4 (build 422)', folder: 'C:\Keil_v5\ARM\ARMCC\Bin'
Rebuild target 'IOT_DHT11'
compiling key.c...
compiling stm32f10x_it.c...
compiling led.c...
compiling system_stm32f10x.c...
compiling usart3.c...
compiling timer.c...
compiling main.c...
main.c(125): warning:  #177-D: variable "wifi_con"  was declared but never referenced
  	u8 wifi_con=0;//记录wifi连接状态 1:连接 0:断开
main.c: 1 warning, 0 errors
compiling dht11.c...
compiling c2h5oh.c...
compiling fire.c...
compiling beep.c...
compiling motor.c...
compiling delay.c...
assembling startup_stm32f10x_hd.s...
compiling core_cm3.c...
compiling lcd.c...
compiling misc.c...
compiling usart.c...
compiling stm32f10x_gpio.c...
compiling sys.c...
compiling stm32f10x_rcc.c...
compiling stm32f10x_usart.c...
compiling common.c...
compiling dataPointTools.c...
compiling stm32f10x_tim.c...
compiling ringbuffer.c...
compiling stm32f10x_fsmc.c...
compiling gizwits_product.c...
..\Gizwits\gizwits_product.c(61): warning:  #177-D: variable "dataPointPtr"  was declared but never referenced
    dataPoint_t *dataPointPtr = (dataPoint_t *)gizdata;
..\Gizwits\gizwits_product.c(294): warning:  #177-D: variable "crc"  was declared but never referenced
  		uint8_t crc[1] = {0x55};
..\Gizwits\gizwits_product.c: 2 warnings, 0 errors
compiling gizwits_protocol.c...
..\Gizwits\gizwits_protocol.c(147): warning:  #177-D: function "gizDataPoint2Event"  was declared but never referenced
  static int8_t ICACHE_FLASH_ATTR gizDataPoint2Event(uint8_t *issuedData, eventInfo_t *info, dataPoint_t *dataPoints)
..\Gizwits\gizwits_protocol.c: 1 warning, 0 errors
linking...
Program Size: Code=45218 RO-data=6798 RW-data=92 ZI-data=5276  
FromELF: creating hex file...
"..\OBJ\IOT_DHT11.axf" - 0 Error(s), 4 Warning(s).

<h2>Collection of Component include folders:</h2>
  C:\Users\HaoRan Zhu\Desktop\毕业设计 - 环境监测系统 - 联网成功 - 电机成功 - 副本\USER\RTE\_IOT_DHT11
  C:\Keil_v5\ARM\PACK\Keil\STM32F1xx_DFP\2.1.0\Device\Include

<h2>Collection of Component Files used:</h2>
Build Time Elapsed:  00:00:03
</pre>
</body>
</html>
